%%%%%%%%%%%%%%%%%%%%%%%%%%%%%%%%%%%%%%%%%%%%%%%%%%%%%%%%%%%%%%%%%%%%%%%%%%%%%%%%%%%%%%%%%%%%%%%%%%%%%%%%%%%%%%
%                                                                                                            %
%                                 w a r n i n g   f r o m   D i s t F u n c                                  %
%                                                                                                            %
%           lmc .and. (rcutdist < rcut): distfunc considers smaller region then energy evaluation            %
%                                                                                                            %
%%%%%%%%%%%%%%%%%%%%%%%%%%%%%%%%%%%%%%%%%%%%%%%%%%%%%%%%%%%%%%%%%%%%%%%%%%%%%%%%%%%%%%%%%%%%%%%%%%%%%%%%%%%%%%
**************************************************************************************************************
**************************************************************************************************************
**                                                                                                          **
**                                                                                                          **
**                                                  Molsim                                                  **
**                                                                                                          **
**                  integrated md/mc/bd simulation program belonging to the molsim package                  **
**                                                                                                          **
**                                          version 6.4.7, v4.4.0                                           **
**                                                                                                          **
**                                                                                                          **
**                                                Per Linse                                                 **
**                                            Physical Chemistry                                            **
**                                         Department of Chemistry                                          **
**                                             Lund University                                              **
**                                               P.O. Box 124                                               **
**                                          S-221 00 Lund, SWEDEN                                           **
**                                                                                                          **
**                                                                                                          **
**                                         with contributions from                                          **
**                                                                                                          **
**                  Anna Akinchina, Fredrik Carlsson, Samuel Edgecombe, Yoshikatsu Hayashi                  **
**          Pascal Hebbeker, Cornelius Hofzumahaus, Niklas Källrot, Björn Linse, Vladimir Lobaskin          **
**               Thomas M. Nymand, Alberto Pais, Jurij Rescic, Stefanie Schneider, Marie Skepö              **
**          Joakim Stenhammar, Anders Wallqvist, Jos van Rijssel, Erik Wernersson, Per-Olof Åstrand         **
**                                                                                                          **
**                                                                                                          **
**************************************************************************************************************
**************************************************************************************************************

2018-05-31     11:49:51

**************************************************************************************************************
*                                                                                                            *
*                                            i n p u t   d a t a                                             *
*                                                                                                            *
**************************************************************************************************************


**************************************************************************************************************
*                                            general information                                             *
**************************************************************************************************************


title   : ions and counterions spherically confined                                                 

key data: mode           : simulation
          method         : mc   
          ensemble       : nvt
          boundary cond. : cyl
          start          : setconf 


number of time steps/passes           1  *      1000  =       1000

temperature                    =     298.000
pressure                       =       0.000
cylindrical cell radius        =     800.000
cylindrical cell length        =    1200.000
volume                         =   0.241E+10

seed of random generator       =           1

optional subroutine used
------------------------
   ControlAver
   MainAver
   DistFunc
   Group
   Static
   Image

parameters controlling the output interval (0 = no)
-------------------------------------------------
   itest              0
   ipart              0
   iatom              0
   iaver              0
   ishow              1
   iplot              1
   ilist              1

external units
--------------
number        generic name        file name
------        ------------        ---------
   1               fin            cylinder_shell.in
   2               fout           cylinder_shell.out
   3               fcnf           cylinder_shell.cnf
   8               flist          cylinder_shell.list
  10               fwrl           cylinder_shell.wrl
  11               fvtf           cylinder_shell.vtf
  12               ftcl           cylinder_shell.tcl

**************************************************************************************************************
*                                                   units                                                    *
**************************************************************************************************************

quantity                unit
--------                ----
length              1.000E-10 m
mass                1.000E-03 kg/mol
temperature         1.000E+00 k
time                1.000E-12 s
energy              1.000E+03 j/mol
heat capacity       1.000E+00 j/mol*k
diff. coeff.        1.000E-09 m**2/s
pressure            1.000E+06 pa
volume              1.000E-30 m**3
linear vel.         1.000E+02 m/s
linear acc.         1.000E+14 m/s**2
force               1.000E+11 n/mol
moment of inertia   1.000E-23 kg*m**2/mol
angle               1.745E-02 rad

**************************************************************************************************************
*                                               particle data                                                *
**************************************************************************************************************


number of particles            =    1000
number of atoms                =    1000
number of particle types       =       4     (     10 )
number of atom types           =       4     (     10 )

particle       no        atom     no     mass    hard core    no of unit   weak      pK        sigma    epsilon  zatalpha
                                                 radius       charges      charge                              
--------       --        ----     --     ----    ---------    ----------   ------    --        -----    -------  --------
alumina       100
                         alumin   1      1.000    2.000        1.0000        T      9.0000     0.0000    0.0000    0.0000
countA        100
                         countA   1      1.000    2.000       -1.0000        T      0.0000     0.0000    0.0000    0.0000
silica        400
                         silica   1      1.000    2.000       -1.0000        T      4.2000     0.0000    0.0000    0.0000
countS        400
                         countS   1      1.000    2.000        1.0000        T      0.0000     0.0000    0.0000    0.0000

pH =    3.000
titratable atom type    pK       atom type of counterion
--------------------    -----    -----------------------
         1              9.000          2
         2              0.000          0
         3              4.200          4
         4              0.000          0

molecular input frame: alumina   
---------------------- -------

atom               coordinate (x,y,z)
----               ------------------
alumina      0.00000   0.00000   0.00000

principal axis frame: alumina   
--------------------- -------

atom               coordinate (x,y,z)
----               ------------------
alumina      0.00000   0.00000   0.00000

molecular input frame: countA    
---------------------- ------

atom               coordinate (x,y,z)
----               ------------------
countA       0.00000   0.00000   0.00000

principal axis frame: countA    
--------------------- ------

atom               coordinate (x,y,z)
----               ------------------
countA       0.00000   0.00000   0.00000

molecular input frame: silica    
---------------------- ------

atom               coordinate (x,y,z)
----               ------------------
silica       0.00000   0.00000   0.00000

principal axis frame: silica    
--------------------- ------

atom               coordinate (x,y,z)
----               ------------------
silica       0.00000   0.00000   0.00000

molecular input frame: countS    
---------------------- ------

atom               coordinate (x,y,z)
----               ------------------
countS       0.00000   0.00000   0.00000

principal axis frame: countS    
--------------------- ------

atom               coordinate (x,y,z)
----               ------------------
countS       0.00000   0.00000   0.00000

particle             mass           moment of inertia (x,y,z)        maximal atom-com distance
--------             ----           -------------------------        -------------------------
alumina             1.000          0.000     0.000     0.000             0.000
countA              1.000          0.000     0.000     0.000             0.000
silica              1.000          0.000     0.000     0.000             0.000
countS              1.000          0.000     0.000     0.000             0.000

**************************************************************************************************************
*                                          two-body potential data                                           *
**************************************************************************************************************

rcut                           =    2000.000
utoltab                        =   0.100E-04
ftoltab                        =   0.100E-04
umaxtab                        =   0.200E+05
fmaxtab                        =   0.200E+05

monoatomic energy and force routines

relative permittivity          =   80.000000

system net charge based on zat =    0.00    

particle pair              potential
-------------              ---------
alumina-alumina              default             
alumina-countA               default             
alumina-silica               default             
alumina-countS               default             
countA-countA                default             
countA-silica                default             
countA-countS                default             
silica-silica                default             
silica-countS                default             
countS-countS                default             

atom pair         energy coefficients (ipot and ucoff)
---------         ------------------------------------
alumina-alumina        1  0.173669E+02
alumina-countA         1 -0.173669E+02
alumina-silica         1 -0.173669E+02
alumina-countS         1  0.173669E+02
countA-countA          1  0.173669E+02
countA-silica          1  0.173669E+02
countA-countS          1 -0.173669E+02
silica-silica          1  0.173669E+02
silica-countS          1 -0.173669E+02
countS-countS          1  0.173669E+02

number of 1/r coefficients than has been changed/added based on zat = 10

specification of two-body potential tables
------------------------------------------
atom pair          no of grids         iubuflow       rumin     rumax
---------          -----------         --------       -----     -----
alumina-alumin        75                   1          0.316  2200.000
alumina-countA        75                 901          0.316  2200.000
alumina-silica        75                1801          0.316  2200.000
alumina-countS        75                2701          0.316  2200.000
countA-countA         75                3601          0.316  2200.000
countA-silica         75                4501          0.316  2200.000
countA-countS         75                5401          0.316  2200.000
silica-silica         75                6301          0.316  2200.000
silica-countS         75                7201          0.316  2200.000
countS-countS         75                8101          0.316  2200.000

nbuf (needed, allocated)        =       9001      9000

**************************************************************************************************************
*                                          external potential data                                           *
**************************************************************************************************************

particle type                  =  alumina   
hard wall between rcap and rcap+dcap
cylinder radius                =    60.0    
cylinder radius + thickness    =    560.    
length of the cylinder shell   =    700.    
particle type                  =  countA    
hard wall between rcap and rcap+dcap
cylinder radius                =    60.0    
cylinder radius + thickness    =    560.    
length of the cylinder shell   =    700.    
particle type                  =  silica    
hard wall between rcap and rcap+dcap
cylinder radius                =    60.0    
cylinder radius + thickness    =    560.    
length of the cylinder shell   =    700.    
particle type                  =  countS    
hard wall between rcap and rcap+dcap
cylinder radius                =    60.0    
cylinder radius + thickness    =    560.    
length of the cylinder shell   =    700.    

**************************************************************************************************************
*                                         initial configuration data                                         *
**************************************************************************************************************

start configuration from SetConfiguration
-----------------------------------------
part. type    routine          no of unit cells (x,y,z)     lower (x,y,z)      upper (x,y,z)      shift (x,y,z)
----------    -------          ------------------------     -------------      -------------      -------------
 1  alumina   innernanotubesurface    0    0    0        -800.0-800.0-600.0  800.0 800.0 600.0    0.0   0.0   0.0
 2  countA    random_cyl_shell        0    0    0        -800.0-800.0-600.0  800.0 800.0 600.0    0.0   0.0   0.0
 3  silica    outernanotubesurface    0    0    0        -800.0-800.0-600.0  800.0 800.0 600.0    0.0   0.0   0.0
 4  countS    random_cyl_shell        0    0    0        -800.0-800.0-600.0  800.0 800.0 600.0    0.0   0.0   0.0
%%%%%%%%%%%%%%%%%%%%%%%%%%%%%%%%%%%%%%%%%%%%%%%%%%%%%%%%%%%%%%%%%%%%%%%%%%%%%%%%%%%%%%%%%%%%%%%%%%%%%%%%%%%%%%
%                                                                                                            %
%                       w a r n i n g   f r o m   S e t N a n o t u b e S u r f a c e                        %
%                                                                                                            %
%                  nlen*(ncircle-1) /= nppt(ipt), consider changing the number of particles                  %
%                                                                                                            %
%%%%%%%%%%%%%%%%%%%%%%%%%%%%%%%%%%%%%%%%%%%%%%%%%%%%%%%%%%%%%%%%%%%%%%%%%%%%%%%%%%%%%%%%%%%%%%%%%%%%%%%%%%%%%%
%%%%%%%%%%%%%%%%%%%%%%%%%%%%%%%%%%%%%%%%%%%%%%%%%%%%%%%%%%%%%%%%%%%%%%%%%%%%%%%%%%%%%%%%%%%%%%%%%%%%%%%%%%%%%%
%                                                                                                            %
%                       w a r n i n g   f r o m   S e t N a n o t u b e S u r f a c e                        %
%                                                                                                            %
%                  nlen*(ncircle-1) /= nppt(ipt), consider changing the number of particles                  %
%                                                                                                            %
%%%%%%%%%%%%%%%%%%%%%%%%%%%%%%%%%%%%%%%%%%%%%%%%%%%%%%%%%%%%%%%%%%%%%%%%%%%%%%%%%%%%%%%%%%%%%%%%%%%%%%%%%%%%%%

first macrostep                =      1

**************************************************************************************************************
*                                                  mc data                                                   *
**************************************************************************************************************

uniform sampling, random

single-particle move                   alumina        countA         silica         countS    
-------------------                    ----------     ----------     ----------     ----------
probability                    =       0.500          1.000          0.500          1.000
tran. displacement parameter   =            0.000         10.000          0.000         10.000
rot. displacement parameter    =            0.000          0.000          0.000          0.000

charge-change move                     alumina        countA         silica         countS    
-------------------                    ----------     ----------     ----------     ----------
probability                    =       0.500          0.000          0.500          0.000


**************************************************************************************************************
*                                               neighbour list                                               *
**************************************************************************************************************

verlet list
automatic control of update frequency
layer thickness                =        20.000
factor used to calculate nneigh=         2.000
maximal number of neighbours   =          2000

**************************************************************************************************************
*                                          thermodynamic quantities                                          *
**************************************************************************************************************

quantity                            initial value
&-------                            -------------
total potential energy         =          0.93097
 total two-body energy         =          0.93097
  alumina-alumina              =          0.71574
  alumina-countA               =         -0.22747
  alumina-silica               =         -1.17216
  alumina-countS               =          0.95349
  countA-countA                =          0.10998
  countA-silica                =          0.97446
  countA-countS                =         -0.89876
  silica-silica                =          2.59080
  silica-countS                =         -3.91726
  countS-countS                =          1.80215
 external potential            =          0.00000
enthalpy                       =          3.71918
temperature                    =        298.00000
pressure (excl. cont. contr.)  =          0.00192
number of particles            =       1000.00000
volume                         =      2.41274E+09

total potential energy (NkT)   =          0.37574
pressure (NkT/V)(excl. contact)=          1.12531
pressure (kT) (excl. contact)  =      4.66404E-07

2018-05-31     11:49:51

total cpu time since start (s)        0.21

**************************************************************************************************************
*                                                                                                            *
*                              r e s u l t   o f   m a c r o s t e p         1                               *
*                                                                                                            *
**************************************************************************************************************

